// Jest Snapshot v1, https://goo.gl/fbAQLP

exports[`ButtonStart component renders correctly after relaunch 1`] = `
<button
  className="welcome__button"
>
  <span
    className="visually-hidden"
  >
    Начать игру
  </span>
</button>
`;
